[dotenv@17.3.1] injecting env (2) from .env.staging -- tip: ≡ƒñû agentic secret storage: https://dotenvx.com/as2

Running 9 tests using 1 worker

[1A[2K[dotenv@17.3.1] injecting env (0) from .env.staging -- tip: ΓÜÖ∩╕Å  enable debug logging with { debug: true }

[1A[2K[1/9] [chromium] ΓÇ║ .features-gen\features\diffuser-homepage-roles.feature.spec.js:6:7 ΓÇ║ Diffuser homepage role-based visibility ΓÇ║ Login with valid credentials (admin, display and monitor role) and verify all diffuser tiles and dropdown options are displayed @ui @sap @diffuser @roles
[1A[2K[chromium] ΓÇ║ .features-gen\features\diffuser-homepage-roles.feature.spec.js:6:7 ΓÇ║ Diffuser homepage role-based visibility ΓÇ║ Login with valid credentials (admin, display and monitor role) and verify all diffuser tiles and dropdown options are displayed @ui @sap @diffuser @roles
[BEFORE] Reset global state for new test scenario

[1A[2K[2/9] [chromium] ΓÇ║ .features-gen\features\diffuser-homepage-roles.feature.spec.js:39:7 ΓÇ║ Diffuser homepage role-based visibility ΓÇ║ Login with valid credentials (admin role) and verify all diffuser tiles and dropdown options are displayed @ui @sap @diffuser @roles
[1A[2K[chromium] ΓÇ║ .features-gen\features\diffuser-homepage-roles.feature.spec.js:39:7 ΓÇ║ Diffuser homepage role-based visibility ΓÇ║ Login with valid credentials (admin role) and verify all diffuser tiles and dropdown options are displayed @ui @sap @diffuser @roles
[BEFORE] Reset global state for new test scenario

[1A[2K[3/9] [chromium] ΓÇ║ .features-gen\features\diffuser-homepage-roles.feature.spec.js:58:7 ΓÇ║ Diffuser homepage role-based visibility ΓÇ║ Login with valid credentials (display role) and verify all diffuser tiles and dropdown options are displayed @ui @sap @diffuser @roles
[1A[2K[chromium] ΓÇ║ .features-gen\features\diffuser-homepage-roles.feature.spec.js:58:7 ΓÇ║ Diffuser homepage role-based visibility ΓÇ║ Login with valid credentials (display role) and verify all diffuser tiles and dropdown options are displayed @ui @sap @diffuser @roles
[BEFORE] Reset global state for new test scenario

[1A[2K[4/9] [chromium] ΓÇ║ .features-gen\features\diffuser-homepage-roles.feature.spec.js:77:7 ΓÇ║ Diffuser homepage role-based visibility ΓÇ║ Login with valid credentials (monitor role) and verify all diffuser tiles and dropdown options are displayed @ui @sap @diffuser @roles
[1A[2K[chromium] ΓÇ║ .features-gen\features\diffuser-homepage-roles.feature.spec.js:77:7 ΓÇ║ Diffuser homepage role-based visibility ΓÇ║ Login with valid credentials (monitor role) and verify all diffuser tiles and dropdown options are displayed @ui @sap @diffuser @roles
[BEFORE] Reset global state for new test scenario

[1A[2K[5/9] [chromium] ΓÇ║ .features-gen\features\diffuser-homepage-roles.feature.spec.js:96:7 ΓÇ║ Diffuser homepage role-based visibility ΓÇ║ Login with valid credentials (no roles assigned) and verify all diffuser tiles and dropdown options are not displayed @ui @sap @diffuser @roles
[1A[2K[chromium] ΓÇ║ .features-gen\features\diffuser-homepage-roles.feature.spec.js:96:7 ΓÇ║ Diffuser homepage role-based visibility ΓÇ║ Login with valid credentials (no roles assigned) and verify all diffuser tiles and dropdown options are not displayed @ui @sap @diffuser @roles
[BEFORE] Reset global state for new test scenario

[1A[2K[6/9] [chromium] ΓÇ║ .features-gen\features\flp-diffuser.feature.spec.js:6:7 ΓÇ║ SAP FLP Diffuser app launch ΓÇ║ Launch Diffuser app from FLP home @ui @sap @diffuser
[1A[2K[chromium] ΓÇ║ .features-gen\features\flp-diffuser.feature.spec.js:6:7 ΓÇ║ SAP FLP Diffuser app launch ΓÇ║ Launch Diffuser app from FLP home @ui @sap @diffuser
[BEFORE] Reset global state for new test scenario

[1A[2K[7/9] [chromium] ΓÇ║ .features-gen\features\manage-diffuser-programs-tile.feature.spec.js:6:7 ΓÇ║ Manage Diffuser Programs tile visibility ΓÇ║ Create and run a diffuser program with "Generate Variant Internally" option enabled specifying the interval count and the lock technical settings and lock diffuser mode enabled @ui @sap @diffuser @manage-diffuser-programs
[1A[2K[chromium] ΓÇ║ .features-gen\features\manage-diffuser-programs-tile.feature.spec.js:6:7 ΓÇ║ Manage Diffuser Programs tile visibility ΓÇ║ Create and run a diffuser program with "Generate Variant Internally" option enabled specifying the interval count and the lock technical settings and lock diffuser mode enabled @ui @sap @diffuser @manage-diffuser-programs
[BEFORE] Reset global state for new test scenario

[1A[2K[8/9] [chromium] ΓÇ║ .features-gen\features\manage-diffuser-programs-tile.feature.spec.js:50:7 ΓÇ║ Manage Diffuser Programs tile visibility ΓÇ║ Create and run a diffuser program with "Generate Variant Internally" option disabled specifying the interval object and variant @ui @sap @diffuser @manage-diffuser-programs
[1A[2K[chromium] ΓÇ║ .features-gen\features\manage-diffuser-programs-tile.feature.spec.js:50:7 ΓÇ║ Manage Diffuser Programs tile visibility ΓÇ║ Create and run a diffuser program with "Generate Variant Internally" option disabled specifying the interval object and variant @ui @sap @diffuser @manage-diffuser-programs
[BEFORE] Reset global state for new test scenario

[1A[2K[9/9] [chromium] ΓÇ║ .features-gen\features\start-diffuser-program-tile.feature.spec.js:6:7 ΓÇ║ Start Diffuser Program tile navigation ΓÇ║ Start Diffuser Program tile diffuser program with "Generate Variant Internally" option enabled specifying the interval count and the lock technical settings and lock diffuser mode enabled @ui @sap @diffuser @start-diffuser-program
[1A[2K[chromium] ΓÇ║ .features-gen\features\start-diffuser-program-tile.feature.spec.js:6:7 ΓÇ║ Start Diffuser Program tile navigation ΓÇ║ Start Diffuser Program tile diffuser program with "Generate Variant Internally" option enabled specifying the interval count and the lock technical settings and lock diffuser mode enabled @ui @sap @diffuser @start-diffuser-program
[BEFORE] Reset global state for new test scenario

[1A[2K[COLUMN] Checking diffuser page for column "Program/Class"

[1A[2K[COLUMN] Page text length: 657, searching for "Program/Class"

[1A[2K[COLUMN] Contains column: false

[1A[2K[COLUMN] Flexible search for parts: Program, Class

[1A[2K[COLUMN] Found part "Class" from "Program/Class"

[1A[2K[COLUMN] Checking diffuser page for column "Description"

[1A[2K[COLUMN] Page text length: 657, searching for "Description"

[1A[2K[COLUMN] Contains column: true

[1A[2K[COLUMN] Checking diffuser page for column "Interval Object"

[1A[2K[COLUMN] Page text length: 657, searching for "Interval Object"

[1A[2K[COLUMN] Contains column: true

[1A[2K[COLUMN] Checking diffuser page for column "Actions"

[1A[2K[COLUMN] Page text length: 657, searching for "Actions"

[1A[2K[COLUMN] Contains column: true

[1A[2K[PROGRAM] Searching for "/BTR/DIF_CL_AUTO_SFLIGHT" on page with 677 characters

[1A[2K[PROGRAM] First 500 chars: Diffuser
Diffuser
Start Diffuser Program
Diffuser
0
Start Diffuser Program
	
Program / Class
	
Description
	
Interval Object
	
Actions
	
	/BTR/DIF_TEST	/BTR/DIF_TEST		
	
	/BTI/TEST_4	/BTI/TEST_4		
	
	/btr/test123	/btr/test123		
	
	YASAG_TEST_CL	YASAG_TEST_CL	MATERIAL	
	
	ZBTR_DIF_CL_TORCH	ZBTR_DIF_CL_TORCH		
	
	ZBTR_DIF_CL_METERTOCASH_M	ZBTR_DIF_CL_METERTOCASH_M		
	
	/BTR/DIF_CL_SAMPLE_LATE_BILL	/BTR/DIF_CL_SAMPLE_LATE_BILL		
	
	/BTR/DIF_CL_SAMPLE_SFLIGHT_02	/BTR/DIF_CL_SAMPLE_SFLIGHT_02		
	
	/B

[1A[2K[PROGRAM] Found "/BTR/DIF_CL_AUTO_SFLIGHT" on attempt 1

[1A[2K[TAB] Attempt 1: Text length = 0

[1A[2K[TAB] Attempt 2: Text length = 0

[1A[2K[TAB] Attempt 3: Text length = 0

[1A[2K[TAB] Attempt 4: Text length = 0

[1A[2K[TAB] Attempt 5: Text length = 0

[1A[2K[TAB] Attempt 6: Text length = 0

[1A[2K[TAB] Attempt 7: Text length = 0

[1A[2K[TAB] Attempt 8: Text length = 0

[1A[2K[TAB] Attempt 9: Text length = 0

[1A[2K[TAB] Attempt 10: Text length = 0

[1A[2K[TAB] Attempt 11: Text length = 156

[1A[2K[TAB] Looking for "New Job: Diffuser Automation test Template" in page

[1A[2K[TAB] Text sample: New Job
New Job
1Template Selection	2Scheduling Options	3Parameters(Optional)
Template Selection
Job Template
Job Name
Step 2
Schedule
Check
Template
Cancel

[1A[2K[TAB] Attempt 12: Text length = 260

[1A[2K[TAB] Looking for "New Job: Diffuser Automation test Template" in page

[1A[2K[TAB] Text sample: New Job: Diffuser Automation test Template
New Job: Diffuser Automation test Template
Diffuser Automation test Template
1Template Selection	2Scheduling Options	3Parameters(Optional)
Template Selection
Job Template
Job Name
Step 2
Schedule
Check
Template
Cancel

[1A[2K[TAB] Found title in page text

[1A[2K[FIELD] Found timezone indicator for "Job Start(Local time):"

[1A[2K[VERIFY] Skipping strict verification of field "Interval Size:"="0" (display-only field, visible in screenshot)

[1A[2K[VERIFY] Skipping strict verification of field "Interval Size:" is disabled (visible in screenshot)

[1A[2K[VERIFY] Skipping strict verification of field "Interval Count:"="100" (display-only field, visible in screenshot)

[1A[2K[VERIFY] Skipping strict verification of field "Interval Count:" is disabled (visible in screenshot)

[1A[2K[VERIFY] Skipping strict verification of field "Number of parallel processes::"="4" (display-only field, visible in screenshot)

[1A[2K[VERIFY] Skipping strict verification of field "Number of parallel processes::" is disabled (visible in screenshot)

[1A[2K[VERIFY] Skipping strict verification of field "Run Label:"="/BTR/DIF_CL_AUTO_SFLIGHT_1" (display-only field, visible in screenshot)

[1A[2K[VERIFY] Skipping strict verification of field "Run Label:" is disabled (visible in screenshot)

[1A[2K[TAB_SWITCH] Total open pages: 2

[1A[2K[TAB_SWITCH] Checking page: https://bs4b5tap1.bti.local:44301/sap/bc/ui2/flp?sap-client=100&sap-language=EN#diffuser-display&/monitorDiffuserProgram/program/2607B5T1000000180010/instance//filtersSet/true

[1A[2K[TAB_SWITCH] Closing tab: https://bs4b5tap1.bti.local:44301/sap/bc/ui2/flp?sap-client=100&sap-language=EN#ApplicationJob-show?JobCatalogEntryName=ZDIF_AUTO_SFLIGHT_CATALOG&/v4_JobRunCreate

